// Vitest Snapshot v1, https://vitest.dev/guide/snapshot.html

exports[`regenerateBallStates > regenerates consistent states from the Spread P&R actions (snapshot) 1`] = `
{
  "keyframes": [
    {
      "inFlight": false,
      "time": 0,
      "x": 20,
      "y": 47,
    },
    {
      "inFlight": false,
      "time": 100,
      "x": 20.454722222222223,
      "y": 47,
    },
    {
      "inFlight": false,
      "time": 200,
      "x": 20.98222222222222,
      "y": 47,
    },
    {
      "inFlight": false,
      "time": 300,
      "x": 21.5775,
      "y": 47,
    },
    {
      "inFlight": false,
      "time": 400,
      "x": 22.235555555555557,
      "y": 47,
    },
    {
      "inFlight": false,
      "time": 500,
      "x": 22.951388888888886,
      "y": 47,
    },
    {
      "inFlight": false,
      "time": 600,
      "x": 23.72,
      "y": 47,
    },
    {
      "inFlight": false,
      "time": 700,
      "x": 24.53638888888889,
      "y": 47,
    },
    {
      "inFlight": false,
      "time": 800,
      "x": 25.395555555555557,
      "y": 47,
    },
    {
      "inFlight": false,
      "time": 900,
      "x": 26.292499999999997,
      "y": 47,
    },
    {
      "inFlight": false,
      "time": 1000,
      "x": 27.22222222222222,
      "y": 47,
    },
    {
      "inFlight": false,
      "time": 1100,
      "x": 28.17972222222222,
      "y": 47,
    },
    {
      "inFlight": false,
      "time": 1200,
      "x": 29.16,
      "y": 47,
    },
    {
      "inFlight": false,
      "time": 1300,
      "x": 30.158055555555556,
      "y": 47,
    },
    {
      "inFlight": false,
      "time": 1400,
      "x": 31.168888888888887,
      "y": 47,
    },
    {
      "inFlight": false,
      "time": 1500,
      "x": 32.1875,
      "y": 47,
    },
    {
      "inFlight": false,
      "time": 1600,
      "x": 33.208888888888886,
      "y": 47,
    },
    {
      "inFlight": false,
      "time": 1700,
      "x": 34.22805555555556,
      "y": 47,
    },
    {
      "inFlight": false,
      "time": 1800,
      "x": 35.24,
      "y": 47,
    },
    {
      "inFlight": false,
      "time": 1900,
      "x": 36.23972222222221,
      "y": 47,
    },
    {
      "inFlight": false,
      "time": 2000,
      "x": 37.22222222222222,
      "y": 47,
    },
    {
      "inFlight": false,
      "time": 2100,
      "x": 38.1825,
      "y": 47,
    },
    {
      "inFlight": false,
      "time": 2200,
      "x": 39.115555555555545,
      "y": 47,
    },
    {
      "inFlight": false,
      "time": 2300,
      "x": 40.01638888888889,
      "y": 47,
    },
    {
      "inFlight": false,
      "time": 2400,
      "x": 40.88,
      "y": 47,
    },
    {
      "inFlight": false,
      "time": 2500,
      "x": 41.70138888888889,
      "y": 47,
    },
    {
      "inFlight": false,
      "time": 2600,
      "x": 42.47555555555556,
      "y": 47,
    },
    {
      "inFlight": false,
      "time": 2700,
      "x": 43.1975,
      "y": 47,
    },
    {
      "inFlight": false,
      "time": 2800,
      "x": 43.862222222222215,
      "y": 47,
    },
    {
      "inFlight": false,
      "time": 2900,
      "x": 44.46472222222222,
      "y": 47,
    },
    {
      "inFlight": false,
      "time": 3000,
      "x": 45,
      "y": 47,
    },
    {
      "inFlight": true,
      "time": 3500,
      "x": 76.5,
      "y": 23,
    },
    {
      "inFlight": false,
      "time": 3600,
      "x": 76.4,
      "y": 22.8,
    },
    {
      "inFlight": false,
      "time": 3700,
      "x": 76.3,
      "y": 22.6,
    },
    {
      "inFlight": false,
      "time": 3800,
      "x": 76.2,
      "y": 22.4,
    },
    {
      "inFlight": false,
      "time": 3900,
      "x": 76.1,
      "y": 22.2,
    },
    {
      "inFlight": false,
      "time": 4000,
      "x": 76,
      "y": 22,
    },
    {
      "inFlight": false,
      "time": 4100,
      "x": 75.9,
      "y": 21.8,
    },
    {
      "inFlight": false,
      "time": 4200,
      "x": 75.8,
      "y": 21.6,
    },
    {
      "inFlight": false,
      "time": 4300,
      "x": 75.7,
      "y": 21.4,
    },
    {
      "inFlight": false,
      "time": 4400,
      "x": 75.6,
      "y": 21.2,
    },
    {
      "inFlight": false,
      "time": 4500,
      "x": 75.5,
      "y": 21,
    },
    {
      "inFlight": false,
      "time": 4600,
      "x": 75.4,
      "y": 20.799999999999997,
    },
    {
      "inFlight": false,
      "time": 4700,
      "x": 75.3,
      "y": 20.6,
    },
    {
      "inFlight": false,
      "time": 4800,
      "x": 75.2,
      "y": 20.4,
    },
    {
      "inFlight": false,
      "time": 4900,
      "x": 75.1,
      "y": 20.2,
    },
    {
      "inFlight": false,
      "time": 5000,
      "x": 75,
      "y": 20,
    },
  ],
  "type": "linear",
}
`;
