// Vitest Snapshot v1, https://vitest.dev/guide/snapshot.html

exports[`overlaysFromActions > is deterministic and stable for a fixture play (snapshot) 1`] = `
[
  {
    "data": {
      "at": {
        "x": 36.66666666666667,
        "y": 56.66666666666667,
      },
      "slot": 3,
    },
    "duration": 1500,
    "id": "overlay_action_1",
    "time": 2000,
    "type": "screen_mark",
  },
  {
    "data": {
      "from": {
        "x": 45,
        "y": 47,
      },
      "fromSlot": 0,
      "to": {
        "x": 76.5,
        "y": 23,
      },
      "toSlot": 1,
    },
    "duration": 500,
    "id": "overlay_action_2",
    "time": 3000,
    "type": "pass_arrow",
  },
]
`;
